ASxxxx Linker V03.00 + NoICE + sdld,  page 1.
Hexadecimal  [32-Bits]

Area                                    Addr        Size        Decimal Bytes (Attributes)
--------------------------------        ----        ----        ------- ----- ------------
.  .ABS.                            00000000    00000000 =           0. bytes (ABS,CON)

      Value  Global                              Global Defined In Module
      -----  --------------------------------   ------------------------
     FFFFFFFF  s_SSEG                          
     00000000  .__.ABS.                           
     00000000  l_CABS                          
     00000000  l_DABS                          
     00000000  l_DATA                          
     00000000  l__CODE                         
     00000000  s_CABS                          
     00000000  s_DABS                          
     00000000  s__CODE                         
     00000001  l_SSEG                          
     00000001  s_DATA                          
     00000001  s_INITIALIZED                   
     00000002  l_INITIALIZED                   
     00000002  l_INITIALIZER                   
     00000003  l_GSFINAL                       
     00000007  l_HOME                          
     0000000C  l_CONST                         
     0000001A  l_GSINIT                        
     00000EA2  l_CODE                          
     00008000  s_HOME                          
     00008007  s_GSINIT                        
     00008021  s_GSFINAL                       
     00008024  s_CONST                         
     00008030  s_INITIALIZER                   
     00008032  s_CODE                          

ASxxxx Linker V03.00 + NoICE + sdld,  page 2.
Hexadecimal  [32-Bits]

Area                                    Addr        Size        Decimal Bytes (Attributes)
--------------------------------        ----        ----        ------- ----- ------------
INITIALIZED                         00000001    00000002 =           2. bytes (REL,CON)

      Value  Global                              Global Defined In Module
      -----  --------------------------------   ------------------------
     00000001  _CCR_Val                           main

ASxxxx Linker V03.00 + NoICE + sdld,  page 3.
Hexadecimal  [32-Bits]

Area                                    Addr        Size        Decimal Bytes (Attributes)
--------------------------------        ----        ----        ------- ----- ------------
HOME                                00008000    00000007 =           7. bytes (REL,CON)

      Value  Global                              Global Defined In Module
      -----  --------------------------------   ------------------------
ASxxxx Linker V03.00 + NoICE + sdld,  page 4.
Hexadecimal  [32-Bits]

Area                                    Addr        Size        Decimal Bytes (Attributes)
--------------------------------        ----        ----        ------- ----- ------------
GSINIT                              00008007    0000001A =          26. bytes (REL,CON)

      Value  Global                              Global Defined In Module
      -----  --------------------------------   ------------------------
ASxxxx Linker V03.00 + NoICE + sdld,  page 5.
Hexadecimal  [32-Bits]

Area                                    Addr        Size        Decimal Bytes (Attributes)
--------------------------------        ----        ----        ------- ----- ------------
GSFINAL                             00008021    00000003 =           3. bytes (REL,CON)

      Value  Global                              Global Defined In Module
      -----  --------------------------------   ------------------------
ASxxxx Linker V03.00 + NoICE + sdld,  page 6.
Hexadecimal  [32-Bits]

Area                                    Addr        Size        Decimal Bytes (Attributes)
--------------------------------        ----        ----        ------- ----- ------------
CONST                               00008024    0000000C =          12. bytes (REL,CON)

      Value  Global                              Global Defined In Module
      -----  --------------------------------   ------------------------
     00008024  _HSIDivFactor                      stm8s_clk
     00008028  _CLKPrescTable                     stm8s_clk

ASxxxx Linker V03.00 + NoICE + sdld,  page 7.
Hexadecimal  [32-Bits]

Area                                    Addr        Size        Decimal Bytes (Attributes)
--------------------------------        ----        ----        ------- ----- ------------
INITIALIZER                         00008030    00000002 =           2. bytes (REL,CON)

      Value  Global                              Global Defined In Module
      -----  --------------------------------   ------------------------
ASxxxx Linker V03.00 + NoICE + sdld,  page 8.
Hexadecimal  [32-Bits]

Area                                    Addr        Size        Decimal Bytes (Attributes)
--------------------------------        ----        ----        ------- ----- ------------
CODE                                00008032    00000EA2 =        3746. bytes (REL,CON)

      Value  Global                              Global Defined In Module
      -----  --------------------------------   ------------------------
     00008032  _CLK_DeInit                        stm8s_clk
     00008069  _CLK_FastHaltWakeUpCmd             stm8s_clk
     0000807C  _CLK_HSECmd                        stm8s_clk
     0000808F  _CLK_HSICmd                        stm8s_clk
     000080A2  _CLK_LSICmd                        stm8s_clk
     000080B5  _CLK_CCOCmd                        stm8s_clk
     000080C8  _CLK_ClockSwitchCmd                stm8s_clk
     000080DB  _CLK_SlowActiveHaltWakeUpCmd       stm8s_clk
     000080EE  _CLK_PeripheralClockConfig         stm8s_clk
     00008136  _CLK_ClockSwitchConfig             stm8s_clk
     000081E4  _CLK_HSIPrescalerConfig            stm8s_clk
     000081F5  _CLK_CCOConfig                     stm8s_clk
     0000820A  _CLK_ITConfig                      stm8s_clk
     0000824A  _CLK_SYSCLKConfig                  stm8s_clk
     0000827C  _CLK_SWIMConfig                    stm8s_clk
     0000828F  _CLK_ClockSecuritySystemEnable     stm8s_clk
     00008294  _CLK_GetSYSCLKSource               stm8s_clk
     00008298  _CLK_GetClockFreq                  stm8s_clk
     000082E8  _CLK_AdjustHSICalibrationValue     stm8s_clk
     000082F3  _CLK_SYSCLKEmergencyClear          stm8s_clk
     000082F8  _CLK_GetFlagStatus                 stm8s_clk
     0000833A  _CLK_GetITStatus                   stm8s_clk
     0000835A  _CLK_ClearITPendingBit             stm8s_clk
     0000836A  _TIM1_DeInit                       stm8s_tim1
     00008403  _TIM1_TimeBaseInit                 stm8s_tim1
     00008436  _TIM1_OC1Init                      stm8s_tim1
     0000849B  _TIM1_OC2Init                      stm8s_tim1
     00008500  _TIM1_OC3Init                      stm8s_tim1
     00008565  _TIM1_OC4Init                      stm8s_tim1
     000085B3  _TIM1_BDTRConfig                   stm8s_tim1
     000085CD  _TIM1_ICInit                       stm8s_tim1
     00008634  _TIM1_PWMIConfig                   stm8s_tim1
     000086AC  _TIM1_Cmd                          stm8s_tim1
     000086BF  _TIM1_CtrlPWMOutputs               stm8s_tim1
     000086D2  _TIM1_ITConfig                     stm8s_tim1
     000086EF  _TIM1_InternalClockConfig          stm8s_tim1
     000086F8  _TIM1_ETRClockMode1Config          stm8s_tim1
     00008711  _TIM1_ETRClockMode2Config          stm8s_tim1
     00008724  _TIM1_ETRConfig                    stm8s_tim1
     00008737  _TIM1_TIxExternalClockConfig       stm8s_tim1
     00008769  _TIM1_SelectInputTrigger           stm8s_tim1
     00008774  _TIM1_UpdateDisableConfig          stm8s_tim1
     00008787  _TIM1_UpdateRequestConfig          stm8s_tim1
     0000879A  _TIM1_SelectHallSensor             stm8s_tim1
     000087AD  _TIM1_SelectOnePulseMode           stm8s_tim1
     000087C0  _TIM1_SelectOutputTrigger          stm8s_tim1
     000087CB  _TIM1_SelectSlaveMode              stm8s_tim1
     000087D6  _TIM1_SelectMasterSlaveMode        stm8s_tim1
     000087E9  _TIM1_EncoderInterfaceConfig       stm8s_tim1
     0000882E  _TIM1_PrescalerConfig              stm8s_tim1
ASxxxx Linker V03.00 + NoICE + sdld,  page 9.
Hexadecimal  [32-Bits]

Area                                    Addr        Size        Decimal Bytes (Attributes)
--------------------------------        ----        ----        ------- ----- ------------
CODE                                00008032    00000EA2 =        3746. bytes (REL,CON)

      Value  Global                              Global Defined In Module
      -----  --------------------------------   ------------------------
     00008847  _TIM1_CounterModeConfig            stm8s_tim1
     00008852  _TIM1_ForcedOC1Config              stm8s_tim1
     0000885D  _TIM1_ForcedOC2Config              stm8s_tim1
     00008868  _TIM1_ForcedOC3Config              stm8s_tim1
     00008873  _TIM1_ForcedOC4Config              stm8s_tim1
     0000887E  _TIM1_ARRPreloadConfig             stm8s_tim1
     00008891  _TIM1_SelectCOM                    stm8s_tim1
     000088A4  _TIM1_CCPreloadControl             stm8s_tim1
     000088B7  _TIM1_OC1PreloadConfig             stm8s_tim1
     000088CA  _TIM1_OC2PreloadConfig             stm8s_tim1
     000088DD  _TIM1_OC3PreloadConfig             stm8s_tim1
     000088F0  _TIM1_OC4PreloadConfig             stm8s_tim1
     00008903  _TIM1_OC1FastConfig                stm8s_tim1
     00008916  _TIM1_OC2FastConfig                stm8s_tim1
     00008929  _TIM1_OC3FastConfig                stm8s_tim1
     0000893C  _TIM1_OC4FastConfig                stm8s_tim1
     0000894F  _TIM1_GenerateEvent                stm8s_tim1
     00008956  _TIM1_OC1PolarityConfig            stm8s_tim1
     00008969  _TIM1_OC1NPolarityConfig           stm8s_tim1
     0000897C  _TIM1_OC2PolarityConfig            stm8s_tim1
     0000898F  _TIM1_OC2NPolarityConfig           stm8s_tim1
     000089A2  _TIM1_OC3PolarityConfig            stm8s_tim1
     000089B5  _TIM1_OC3NPolarityConfig           stm8s_tim1
     000089C8  _TIM1_OC4PolarityConfig            stm8s_tim1
     000089DB  _TIM1_CCxCmd                       stm8s_tim1
     00008A35  _TIM1_CCxNCmd                      stm8s_tim1
     00008A77  _TIM1_SelectOCxM                   stm8s_tim1
     00008AC9  _TIM1_SetCounter                   stm8s_tim1
     00008ADC  _TIM1_SetAutoreload                stm8s_tim1
     00008AEF  _TIM1_SetCompare1                  stm8s_tim1
     00008B02  _TIM1_SetCompare2                  stm8s_tim1
     00008B15  _TIM1_SetCompare3                  stm8s_tim1
     00008B28  _TIM1_SetCompare4                  stm8s_tim1
     00008B3B  _TIM1_SetIC1Prescaler              stm8s_tim1
     00008B46  _TIM1_SetIC2Prescaler              stm8s_tim1
     00008B51  _TIM1_SetIC3Prescaler              stm8s_tim1
     00008B5C  _TIM1_SetIC4Prescaler              stm8s_tim1
     00008B67  _TIM1_GetCapture1                  stm8s_tim1
     00008B80  _TIM1_GetCapture2                  stm8s_tim1
     00008B99  _TIM1_GetCapture3                  stm8s_tim1
     00008BB2  _TIM1_GetCapture4                  stm8s_tim1
     00008BCB  _TIM1_GetCounter                   stm8s_tim1
     00008BE6  _TIM1_GetPrescaler                 stm8s_tim1
     00008C01  _TIM1_GetFlagStatus                stm8s_tim1
     00008C24  _TIM1_ClearFlag                    stm8s_tim1
     00008C33  _TIM1_GetITStatus                  stm8s_tim1
     00008C4E  _TIM1_ClearITPendingBit            stm8s_tim1
     00008D83  _main                              main
     00008DEA  _TRAP_IRQHandler                   stm8s_it
     00008DEB  _TLI_IRQHandler                    stm8s_it
     00008DEC  _AWU_IRQHandler                    stm8s_it
ASxxxx Linker V03.00 + NoICE + sdld,  page 10.
Hexadecimal  [32-Bits]

Area                                    Addr        Size        Decimal Bytes (Attributes)
--------------------------------        ----        ----        ------- ----- ------------
CODE                                00008032    00000EA2 =        3746. bytes (REL,CON)

      Value  Global                              Global Defined In Module
      -----  --------------------------------   ------------------------
     00008DED  _CLK_IRQHandler                    stm8s_it
     00008DEE  _EXTI_PORTA_IRQHandler             stm8s_it
     00008DEF  _EXTI_PORTB_IRQHandler             stm8s_it
     00008DF0  _EXTI_PORTC_IRQHandler             stm8s_it
     00008DF1  _EXTI_PORTD_IRQHandler             stm8s_it
     00008DF2  _EXTI_PORTE_IRQHandler             stm8s_it
     00008DF3  _SPI_IRQHandler                    stm8s_it
     00008DF4  _TIM1_UPD_OVF_TRG_BRK_IRQHandler   stm8s_it
     00008DF5  _TIM1_CAP_COM_IRQHandler           stm8s_it
     00008DF6  _TIM2_UPD_OVF_BRK_IRQHandler       stm8s_it
     00008DF7  _TIM2_CAP_COM_IRQHandler           stm8s_it
     00008DF8  _UART1_TX_IRQHandler               stm8s_it
     00008DF9  _UART1_RX_IRQHandler               stm8s_it
     00008DFA  _I2C_IRQHandler                    stm8s_it
     00008DFB  _ADC1_IRQHandler                   stm8s_it
     00008DFC  _TIM4_UPD_OVF_IRQHandler           stm8s_it
     00008DFD  _EEPROM_EEC_IRQHandler             stm8s_it
     00008DFE  __divulong                         
     00008E58  __mullong                          
ASxxxx Linker V03.00 + NoICE + sdld,  page 11.
Hexadecimal  [32-Bits]

Area                                    Addr        Size        Decimal Bytes (Attributes)
--------------------------------        ----        ----        ------- ----- ------------
SSEG                                FFFFFFFF    00000001 =           1. bytes (REL,CON)

      Value  Global                              Global Defined In Module
      -----  --------------------------------   ------------------------
ASxxxx Linker V03.00 + NoICE + sdld,  page 12.

Files Linked                              [ module(s) ]

.pio/build/stm8s001/SPL/stm8s_clk.rel     [ stm8s_clk ]
.pio/build/stm8s001/SPL/stm8s_tim1.rel    [ stm8s_tim1 ]
.pio/build/stm8s001/src/main.rel          [ main ]
.pio/build/stm8s001/src/stm8s_it.rel      [ stm8s_it ]


Libraries Linked                          [ object file ]

/home/de4m/.platformio/packages/toolchain-sdcc/share/sdcc/lib/stm8/stm8.lib
                                          [ _divulong.rel ]
/home/de4m/.platformio/packages/toolchain-sdcc/share/sdcc/lib/stm8/stm8.lib
                                          [ _mullong.rel ]

ASxxxx Linker V03.00 + NoICE + sdld,  page 13.

User Base Address Definitions

HOME = 0x8000
DATA = 0x0001
SSEG = 0xffffffff

