ASxxxx Linker V03.00 + NoICE + sdld,  page 1.
Hexadecimal  [32-Bits]

Area                                    Addr        Size        Decimal Bytes (Attributes)
--------------------------------        ----        ----        ------- ----- ------------
.  .ABS.                            00000000    00000000 =           0. bytes (ABS,CON)

      Value  Global                              Global Defined In Module
      -----  --------------------------------   ------------------------
     FFFFFFFF  s_SSEG                          
     00000000  .__.ABS.                           
     00000000  l_CABS                          
     00000000  l_DABS                          
     00000000  l_DATA                          
     00000000  l_INITIALIZED                   
     00000000  l_INITIALIZER                   
     00000000  l__CODE                         
     00000000  s_CABS                          
     00000000  s_DABS                          
     00000000  s__CODE                         
     00000001  l_SSEG                          
     00000001  s_DATA                          
     00000001  s_INITIALIZED                   
     00000003  l_GSFINAL                       
     00000007  l_HOME                          
     0000000C  l_CONST                         
     0000001A  l_GSINIT                        
     00000DA1  l_CODE                          
     00008000  s_HOME                          
     00008007  s_GSINIT                        
     00008021  s_GSFINAL                       
     00008024  s_CONST                         
     00008030  s_CODE                          
     00008030  s_INITIALIZER                   

ASxxxx Linker V03.00 + NoICE + sdld,  page 2.
Hexadecimal  [32-Bits]

Area                                    Addr        Size        Decimal Bytes (Attributes)
--------------------------------        ----        ----        ------- ----- ------------
HOME                                00008000    00000007 =           7. bytes (REL,CON)

      Value  Global                              Global Defined In Module
      -----  --------------------------------   ------------------------
ASxxxx Linker V03.00 + NoICE + sdld,  page 3.
Hexadecimal  [32-Bits]

Area                                    Addr        Size        Decimal Bytes (Attributes)
--------------------------------        ----        ----        ------- ----- ------------
GSINIT                              00008007    0000001A =          26. bytes (REL,CON)

      Value  Global                              Global Defined In Module
      -----  --------------------------------   ------------------------
ASxxxx Linker V03.00 + NoICE + sdld,  page 4.
Hexadecimal  [32-Bits]

Area                                    Addr        Size        Decimal Bytes (Attributes)
--------------------------------        ----        ----        ------- ----- ------------
GSFINAL                             00008021    00000003 =           3. bytes (REL,CON)

      Value  Global                              Global Defined In Module
      -----  --------------------------------   ------------------------
ASxxxx Linker V03.00 + NoICE + sdld,  page 5.
Hexadecimal  [32-Bits]

Area                                    Addr        Size        Decimal Bytes (Attributes)
--------------------------------        ----        ----        ------- ----- ------------
CONST                               00008024    0000000C =          12. bytes (REL,CON)

      Value  Global                              Global Defined In Module
      -----  --------------------------------   ------------------------
     00008024  _HSIDivFactor                      stm8s_clk
     00008028  _CLKPrescTable                     stm8s_clk

ASxxxx Linker V03.00 + NoICE + sdld,  page 6.
Hexadecimal  [32-Bits]

Area                                    Addr        Size        Decimal Bytes (Attributes)
--------------------------------        ----        ----        ------- ----- ------------
CODE                                00008030    00000DA1 =        3489. bytes (REL,CON)

      Value  Global                              Global Defined In Module
      -----  --------------------------------   ------------------------
     00008030  _CLK_DeInit                        stm8s_clk
     00008067  _CLK_FastHaltWakeUpCmd             stm8s_clk
     0000807A  _CLK_HSECmd                        stm8s_clk
     0000808D  _CLK_HSICmd                        stm8s_clk
     000080A0  _CLK_LSICmd                        stm8s_clk
     000080B3  _CLK_CCOCmd                        stm8s_clk
     000080C6  _CLK_ClockSwitchCmd                stm8s_clk
     000080D9  _CLK_SlowActiveHaltWakeUpCmd       stm8s_clk
     000080EC  _CLK_PeripheralClockConfig         stm8s_clk
     00008134  _CLK_ClockSwitchConfig             stm8s_clk
     000081E2  _CLK_HSIPrescalerConfig            stm8s_clk
     000081F3  _CLK_CCOConfig                     stm8s_clk
     00008208  _CLK_ITConfig                      stm8s_clk
     00008248  _CLK_SYSCLKConfig                  stm8s_clk
     0000827A  _CLK_SWIMConfig                    stm8s_clk
     0000828D  _CLK_ClockSecuritySystemEnable     stm8s_clk
     00008292  _CLK_GetSYSCLKSource               stm8s_clk
     00008296  _CLK_GetClockFreq                  stm8s_clk
     000082E6  _CLK_AdjustHSICalibrationValue     stm8s_clk
     000082F1  _CLK_SYSCLKEmergencyClear          stm8s_clk
     000082F6  _CLK_GetFlagStatus                 stm8s_clk
     00008338  _CLK_GetITStatus                   stm8s_clk
     00008358  _CLK_ClearITPendingBit             stm8s_clk
     00008368  _TIM1_DeInit                       stm8s_tim1
     00008401  _TIM1_TimeBaseInit                 stm8s_tim1
     00008434  _TIM1_OC1Init                      stm8s_tim1
     00008499  _TIM1_OC2Init                      stm8s_tim1
     000084FE  _TIM1_OC3Init                      stm8s_tim1
     00008563  _TIM1_OC4Init                      stm8s_tim1
     000085B1  _TIM1_BDTRConfig                   stm8s_tim1
     000085CB  _TIM1_ICInit                       stm8s_tim1
     00008632  _TIM1_PWMIConfig                   stm8s_tim1
     000086AA  _TIM1_Cmd                          stm8s_tim1
     000086BD  _TIM1_CtrlPWMOutputs               stm8s_tim1
     000086D0  _TIM1_ITConfig                     stm8s_tim1
     000086ED  _TIM1_InternalClockConfig          stm8s_tim1
     000086F6  _TIM1_ETRClockMode1Config          stm8s_tim1
     0000870F  _TIM1_ETRClockMode2Config          stm8s_tim1
     00008722  _TIM1_ETRConfig                    stm8s_tim1
     00008735  _TIM1_TIxExternalClockConfig       stm8s_tim1
     00008767  _TIM1_SelectInputTrigger           stm8s_tim1
     00008772  _TIM1_UpdateDisableConfig          stm8s_tim1
     00008785  _TIM1_UpdateRequestConfig          stm8s_tim1
     00008798  _TIM1_SelectHallSensor             stm8s_tim1
     000087AB  _TIM1_SelectOnePulseMode           stm8s_tim1
     000087BE  _TIM1_SelectOutputTrigger          stm8s_tim1
     000087C9  _TIM1_SelectSlaveMode              stm8s_tim1
     000087D4  _TIM1_SelectMasterSlaveMode        stm8s_tim1
     000087E7  _TIM1_EncoderInterfaceConfig       stm8s_tim1
     0000882C  _TIM1_PrescalerConfig              stm8s_tim1
ASxxxx Linker V03.00 + NoICE + sdld,  page 7.
Hexadecimal  [32-Bits]

Area                                    Addr        Size        Decimal Bytes (Attributes)
--------------------------------        ----        ----        ------- ----- ------------
CODE                                00008030    00000DA1 =        3489. bytes (REL,CON)

      Value  Global                              Global Defined In Module
      -----  --------------------------------   ------------------------
     00008845  _TIM1_CounterModeConfig            stm8s_tim1
     00008850  _TIM1_ForcedOC1Config              stm8s_tim1
     0000885B  _TIM1_ForcedOC2Config              stm8s_tim1
     00008866  _TIM1_ForcedOC3Config              stm8s_tim1
     00008871  _TIM1_ForcedOC4Config              stm8s_tim1
     0000887C  _TIM1_ARRPreloadConfig             stm8s_tim1
     0000888F  _TIM1_SelectCOM                    stm8s_tim1
     000088A2  _TIM1_CCPreloadControl             stm8s_tim1
     000088B5  _TIM1_OC1PreloadConfig             stm8s_tim1
     000088C8  _TIM1_OC2PreloadConfig             stm8s_tim1
     000088DB  _TIM1_OC3PreloadConfig             stm8s_tim1
     000088EE  _TIM1_OC4PreloadConfig             stm8s_tim1
     00008901  _TIM1_OC1FastConfig                stm8s_tim1
     00008914  _TIM1_OC2FastConfig                stm8s_tim1
     00008927  _TIM1_OC3FastConfig                stm8s_tim1
     0000893A  _TIM1_OC4FastConfig                stm8s_tim1
     0000894D  _TIM1_GenerateEvent                stm8s_tim1
     00008954  _TIM1_OC1PolarityConfig            stm8s_tim1
     00008967  _TIM1_OC1NPolarityConfig           stm8s_tim1
     0000897A  _TIM1_OC2PolarityConfig            stm8s_tim1
     0000898D  _TIM1_OC2NPolarityConfig           stm8s_tim1
     000089A0  _TIM1_OC3PolarityConfig            stm8s_tim1
     000089B3  _TIM1_OC3NPolarityConfig           stm8s_tim1
     000089C6  _TIM1_OC4PolarityConfig            stm8s_tim1
     000089D9  _TIM1_CCxCmd                       stm8s_tim1
     00008A33  _TIM1_CCxNCmd                      stm8s_tim1
     00008A75  _TIM1_SelectOCxM                   stm8s_tim1
     00008AC7  _TIM1_SetCounter                   stm8s_tim1
     00008ADA  _TIM1_SetAutoreload                stm8s_tim1
     00008AED  _TIM1_SetCompare1                  stm8s_tim1
     00008B00  _TIM1_SetCompare2                  stm8s_tim1
     00008B13  _TIM1_SetCompare3                  stm8s_tim1
     00008B26  _TIM1_SetCompare4                  stm8s_tim1
     00008B39  _TIM1_SetIC1Prescaler              stm8s_tim1
     00008B44  _TIM1_SetIC2Prescaler              stm8s_tim1
     00008B4F  _TIM1_SetIC3Prescaler              stm8s_tim1
     00008B5A  _TIM1_SetIC4Prescaler              stm8s_tim1
     00008B65  _TIM1_GetCapture1                  stm8s_tim1
     00008B7E  _TIM1_GetCapture2                  stm8s_tim1
     00008B97  _TIM1_GetCapture3                  stm8s_tim1
     00008BB0  _TIM1_GetCapture4                  stm8s_tim1
     00008BC9  _TIM1_GetCounter                   stm8s_tim1
     00008BE4  _TIM1_GetPrescaler                 stm8s_tim1
     00008BFF  _TIM1_GetFlagStatus                stm8s_tim1
     00008C22  _TIM1_ClearFlag                    stm8s_tim1
     00008C31  _TIM1_GetITStatus                  stm8s_tim1
     00008C4C  _TIM1_ClearITPendingBit            stm8s_tim1
     00008D1B  _main                              main
     00008D63  _TRAP_IRQHandler                   stm8s_it
     00008D64  _TLI_IRQHandler                    stm8s_it
     00008D65  _AWU_IRQHandler                    stm8s_it
ASxxxx Linker V03.00 + NoICE + sdld,  page 8.
Hexadecimal  [32-Bits]

Area                                    Addr        Size        Decimal Bytes (Attributes)
--------------------------------        ----        ----        ------- ----- ------------
CODE                                00008030    00000DA1 =        3489. bytes (REL,CON)

      Value  Global                              Global Defined In Module
      -----  --------------------------------   ------------------------
     00008D66  _CLK_IRQHandler                    stm8s_it
     00008D67  _EXTI_PORTA_IRQHandler             stm8s_it
     00008D68  _EXTI_PORTB_IRQHandler             stm8s_it
     00008D69  _EXTI_PORTC_IRQHandler             stm8s_it
     00008D6A  _EXTI_PORTD_IRQHandler             stm8s_it
     00008D6B  _EXTI_PORTE_IRQHandler             stm8s_it
     00008D6C  _SPI_IRQHandler                    stm8s_it
     00008D6D  _TIM1_UPD_OVF_TRG_BRK_IRQHandler   stm8s_it
     00008D6E  _TIM1_CAP_COM_IRQHandler           stm8s_it
     00008D6F  _TIM2_UPD_OVF_BRK_IRQHandler       stm8s_it
     00008D70  _TIM2_CAP_COM_IRQHandler           stm8s_it
     00008D71  _UART1_TX_IRQHandler               stm8s_it
     00008D72  _UART1_RX_IRQHandler               stm8s_it
     00008D73  _I2C_IRQHandler                    stm8s_it
     00008D74  _ADC1_IRQHandler                   stm8s_it
     00008D75  _TIM4_UPD_OVF_IRQHandler           stm8s_it
     00008D76  _EEPROM_EEC_IRQHandler             stm8s_it
     00008D77  __divulong                         

ASxxxx Linker V03.00 + NoICE + sdld,  page 9.
Hexadecimal  [32-Bits]

Area                                    Addr        Size        Decimal Bytes (Attributes)
--------------------------------        ----        ----        ------- ----- ------------
SSEG                                FFFFFFFF    00000001 =           1. bytes (REL,CON)

      Value  Global                              Global Defined In Module
      -----  --------------------------------   ------------------------
ASxxxx Linker V03.00 + NoICE + sdld,  page 10.

Files Linked                              [ module(s) ]

.pio/build/stm8s001/SPL/stm8s_clk.rel     [ stm8s_clk ]
.pio/build/stm8s001/SPL/stm8s_tim1.rel    [ stm8s_tim1 ]
.pio/build/stm8s001/src/main.rel          [ main ]
.pio/build/stm8s001/src/stm8s_it.rel      [ stm8s_it ]


Libraries Linked                          [ object file ]

/home/de4m/.platformio/packages/toolchain-sdcc/share/sdcc/lib/stm8/stm8.lib
                                          [ _divulong.rel ]

ASxxxx Linker V03.00 + NoICE + sdld,  page 11.

User Base Address Definitions

HOME = 0x8000
DATA = 0x0001
SSEG = 0xffffffff

